// Jest Snapshot v1, https://goo.gl/fbAQLP

exports[`<Header /> should render properly 1`] = `
<div>
  <h1
    class="css-16f08kk"
  />
</div>
`;
