// Jest Snapshot v1, https://goo.gl/fbAQLP

exports[`<Card /> should render properly 1`] = `
<div>
  <div
    style="width: 100%; height: 100%;"
  />
</div>
`;

exports[`<Card /> should render properly with children 1`] = `
<div>
  <div
    style="width: 100%; height: 100%;"
  />
</div>
`;

exports[`<Card /> should render properly with title and subtitle 1`] = `
<div>
  <div
    style="width: 100%; height: 100%;"
  />
</div>
`;
