// Jest Snapshot v1, https://goo.gl/fbAQLP

exports[`<StepsOfFaithPage /> should render properly in loading state 1`] = `
.emotion-0 {
  font-weight: 300;
  font-size: 30px;
  line-height: 38px;
  color: #505256;
  margin-bottom: 0px;
  margin-top: 48px;
  padding-left: 21px;
}

.emotion-5 {
  box-shadow: 0px 2px 12px rgba(0,0,0,0.2);
  background: #ffffff;
  border-radius: 8px;
  padding-left: 24px;
  padding-right: 24px;
  padding-top: 43px;
  margin-top: 36px;
}

.emotion-1 {
  font-weight: 300;
  font-size: 36px;
  line-height: 38px;
  color: #505256;
  margin-bottom: 12px;
  margin-top: 0px;
}

.emotion-2 {
  font-size: 14px;
  line-height: 20px;
  font-weight: normal;
  color: #505256;
  margin-top: 0;
  margin-bottom: 0;
}

.emotion-4 {
  padding: 25px;
  margin: 0;
}

.emotion-3 {
  width: 100%;
  height: 190px;
  background-color: #ffffff;
  -webkit-animation: fade 2s infinite linear both;
  animation: fade 2s infinite linear both;
  border-radius: 8px;
}

.emotion-8 {
  width: 100%;
  height: 400px;
  background-color: #ffffff;
  -webkit-animation: fade 2s infinite linear both;
  animation: fade 2s infinite linear both;
  border-radius: 8px;
}

<div>
  <div>
    <h1
      class="emotion-0"
    >
      <span>
        Gathering your stats...
      </span>
    </h1>
    <div
      class="emotion-5"
    >
      <h1
        class="emotion-1"
      >
        Total Steps of Faith Completed
      </h1>
      <h2
        class="emotion-2"
      />
      <div
        class="emotion-4"
      >
        <div
          class="emotion-3"
          width="190"
        />
      </div>
    </div>
    <div
      class="emotion-5"
    >
      <h1
        class="emotion-1"
      >
        Steps of Faith Completed
      </h1>
      <h2
        class="emotion-2"
      >
        Total steps of faith completed with others by members since  was created on .
      </h2>
      <div
        class="emotion-4"
      >
        <div
          class="emotion-8"
          width="400"
        />
      </div>
    </div>
    <div
      class="emotion-5"
    >
      <h1
        class="emotion-1"
      >
        Steps of Faith Added
      </h1>
      <h2
        class="emotion-2"
      >
        Current total number of steps of faith with others added by members.
      </h2>
      <div
        class="emotion-4"
      >
        <div
          class="emotion-8"
          width="400"
        />
      </div>
    </div>
    <h1
      class="emotion-0"
    >
      <span>
        Gathering your stats...
      </span>
    </h1>
    <div
      class="emotion-5"
    >
      <h1
        class="emotion-1"
      >
        People Stages
      </h1>
      <h2
        class="emotion-2"
      >
        Current total number of people added by members.
      </h2>
      <div
        class="emotion-4"
      >
        <div
          class="emotion-8"
          width="400"
        />
      </div>
    </div>
  </div>
</div>
`;
