// Jest Snapshot v1, https://goo.gl/fbAQLP

exports[`<StepsOfFaithTakenInfo /> should render properly 1`] = `
<div>
  <h1
    class="css-1c2npbj"
  >
    Loading...
  </h1>
</div>
`;
