// Jest Snapshot v1, https://goo.gl/fbAQLP

exports[`<RangePicker /> should render properly 1`] = `
.emotion-1 {
  display: -webkit-box;
  display: -webkit-flex;
  display: -ms-flexbox;
  display: flex;
  -webkit-align-items: center;
  -webkit-box-align: center;
  -ms-flex-align: center;
  align-items: center;
}

.emotion-1 .DateRangePickerInput {
  display: -webkit-box;
  display: -webkit-flex;
  display: -ms-flexbox;
  display: flex;
}

.emotion-1 .DateInput {
  width: 108px;
  height: 32px;
  text-align: center;
  display: -webkit-box;
  display: -webkit-flex;
  display: -ms-flexbox;
  display: flex;
  -webkit-box-pack: center;
  -webkit-justify-content: center;
  -ms-flex-pack: center;
  justify-content: center;
  -webkit-align-items: center;
  -webkit-box-align: center;
  -ms-flex-align: center;
  align-items: center;
  background-color: #eceef2;
  text-align: center;
  border-radius: 0 16px 16px 0;
  overflow: hidden;
  cursor: pointer;
}

.emotion-1 .DateInput:first-of-type {
  border-radius: 16px 0 0 16px;
  margin-right: 1px;
}

.emotion-1 .DateInput:hover {
  background-color: #e2e2e2;
}

.emotion-1 .DateInput input[type='text']:focus {
  background-color: #e2e2e2;
}

.emotion-1 .DateInput_input {
  height: 100%;
  font-size: 14px;
  line-height: 20px;
  padding: 0;
  background-color: transparent;
  border-color: transparent;
  border-radius: 0;
  text-align: center;
  color: #505256;
  cursor: pointer;
}

.emotion-1 .CalendarDay__selected_span {
  background: #3CC8E6;
  color: white;
  border: 1px solid #2fb0d8;
}

.emotion-1 .CalendarDay__selected {
  background: #007398;
  color: white;
  border: 1px solid #2fb0d8;
}

.emotion-1 .CalendarDay__selected:hover {
  background: #007398;
  color: white;
}

.emotion-1 .CalendarDay__hovered_span:hover,
.emotion-1 .CalendarDay__hovered_span {
  background: #3CC8E6;
  border: 1px solid #2fb0d8;
  color: white;
}

.emotion-1 .DateRangePickerInput_arrow {
  display: none;
}

.emotion-1 .DateInput_fang {
  top: 56px;
}

.emotion-0 {
  background-image: url(mockFile);
  width: 24px;
  height: 24px;
  margin-right: 12px;
}

<div>
  <div
    class="emotion-1"
  >
    <div
      class="emotion-0"
    />
    <div
      class="DateRangePicker DateRangePicker_1"
    >
      <div>
        <div
          class="DateRangePickerInput DateRangePickerInput_1"
        >
          <div
            class="DateInput DateInput_1"
          >
            <input
              aria-describedby="DateInput__screen-reader-message-startDateId"
              aria-label="Start Date"
              autocomplete="off"
              class="DateInput_input DateInput_input_1 DateInput_input__readOnly DateInput_input__readOnly_2"
              id="startDateId"
              name="startDateId"
              placeholder="Start Date"
              readonly=""
              type="text"
              value="07/15/2019"
            />
            <p
              class="DateInput_screenReaderMessage DateInput_screenReaderMessage_1"
              id="DateInput__screen-reader-message-startDateId"
            >
              Navigate forward to interact with the calendar and select a date. Press the question mark key to get the keyboard shortcuts for changing dates.
            </p>
          </div>
          <div
            aria-hidden="true"
            class="DateRangePickerInput_arrow DateRangePickerInput_arrow_1"
            role="presentation"
          >
            <svg
              class="DateRangePickerInput_arrow_svg DateRangePickerInput_arrow_svg_1"
              focusable="false"
              viewBox="0 0 1000 1000"
            >
              <path
                d="M694 242l249 250c12 11 12 21 1 32L694 773c-5 5-10 7-16 7s-11-2-16-7c-11-11-11-21 0-32l210-210H68c-13 0-23-10-23-23s10-23 23-23h806L662 275c-21-22 11-54 32-33z"
              />
            </svg>
          </div>
          <div
            class="DateInput DateInput_1"
          >
            <input
              aria-describedby="DateInput__screen-reader-message-endDateId"
              aria-label="End Date"
              autocomplete="off"
              class="DateInput_input DateInput_input_1 DateInput_input__readOnly DateInput_input__readOnly_2"
              id="endDateId"
              name="endDateId"
              placeholder="End Date"
              readonly=""
              type="text"
              value="07/22/2019"
            />
            <p
              class="DateInput_screenReaderMessage DateInput_screenReaderMessage_1"
              id="DateInput__screen-reader-message-endDateId"
            >
              Navigate backward to interact with the calendar and select a date. Press the question mark key to get the keyboard shortcuts for changing dates.
            </p>
          </div>
        </div>
      </div>
    </div>
  </div>
</div>
`;
