// Jest Snapshot v1, https://goo.gl/fbAQLP

exports[`<PersonalStepsCompletedChart /> should render properly loading state 1`] = `
<div>
  <div
    class="css-1a3wyyp"
  >
    Loading...
  </div>
</div>
`;
