// Jest Snapshot v1, https://goo.gl/fbAQLP

exports[`<PersonalStepsCompletedTotal /> should render properly loading state 1`] = `
<div>
  <div
    class="css-1ohf0ui"
  >
    Loading...
  </div>
</div>
`;
