// Jest Snapshot v1, https://goo.gl/fbAQLP

exports[`<PersonalStepsPage /> should render properly in loading state 1`] = `
<div>
  <div>
    <h1
      class="css-1c2npbj"
    >
      Loading...
    </h1>
    <div
      class="css-w2m1ij"
    >
      <h1
        class="css-5j0tpf"
      >
        Total Interactions Completed
      </h1>
      <h2
        class="css-140lofm"
      />
      <div
        class="css-rr4yq"
      >
        <div
          class="css-1ohf0ui"
        >
          Loading...
        </div>
      </div>
    </div>
    <div
      class="css-w2m1ij"
    >
      <h1
        class="css-5j0tpf"
      >
        Interactions Completed
      </h1>
      <h2
        class="css-140lofm"
      >
        Total interactions completed over time.
      </h2>
      <div
        class="css-rr4yq"
      >
        <div>
          Loading...
        </div>
      </div>
    </div>
  </div>
</div>
`;
