// Jest Snapshot v1, https://goo.gl/fbAQLP

exports[`<FiltersChart /> should render properly 1`] = `
<div>
  <div>
    Loading...
  </div>
</div>
`;
